This is pdfTeX, Version 3.141592653-2.6-1.40.27 (TeX Live 2025) (preloaded format=pdflatex 2025.3.21)  29 MAY 2026 14:25
entering extended mode
 restricted \write18 enabled.
 %&-line parsing enabled.
**sse_supporting_information.tex
(./sse_supporting_information.tex
LaTeX2e <2024-11-01> patch level 2
L3 programming layer <2025-01-18>
(/usr/local/texlive/2025/texmf-dist/tex/latex/base/article.cls
Document Class: article 2024/06/29 v1.4n Standard LaTeX document class
(/usr/local/texlive/2025/texmf-dist/tex/latex/base/size10.clo
File: size10.clo 2024/06/29 v1.4n Standard LaTeX file (size option)
)
\c@part=\count196
\c@section=\count197
\c@subsection=\count198
\c@subsubsection=\count199
\c@paragraph=\count266
\c@subparagraph=\count267
\c@figure=\count268
\c@table=\count269
\abovecaptionskip=\skip49
\belowcaptionskip=\skip50
\bibindent=\dimen141
)
(/usr/local/texlive/2025/texmf-dist/tex/latex/geometry/geometry.sty
Package: geometry 2020/01/02 v5.9 Page Geometry

(/usr/local/texlive/2025/texmf-dist/tex/latex/graphics/keyval.sty
Package: keyval 2022/05/29 v1.15 key=value parser (DPC)
\KV@toks@=\toks17
)
(/usr/local/texlive/2025/texmf-dist/tex/generic/iftex/ifvtex.sty
Package: ifvtex 2019/10/25 v1.7 ifvtex legacy package. Use iftex instead.

(/usr/local/texlive/2025/texmf-dist/tex/generic/iftex/iftex.sty
Package: iftex 2024/12/12 v1.0g TeX engine tests
))
\Gm@cnth=\count270
\Gm@cntv=\count271
\c@Gm@tempcnt=\count272
\Gm@bindingoffset=\dimen142
\Gm@wd@mp=\dimen143
\Gm@odd@mp=\dimen144
\Gm@even@mp=\dimen145
\Gm@layoutwidth=\dimen146
\Gm@layoutheight=\dimen147
\Gm@layouthoffset=\dimen148
\Gm@layoutvoffset=\dimen149
\Gm@dimlist=\toks18
)
(/usr/local/texlive/2025/texmf-dist/tex/latex/amsmath/amsmath.sty
Package: amsmath 2024/11/05 v2.17t AMS math features
\@mathmargin=\skip51

For additional information on amsmath, use the `?' option.
(/usr/local/texlive/2025/texmf-dist/tex/latex/amsmath/amstext.sty
Package: amstext 2021/08/26 v2.01 AMS text

(/usr/local/texlive/2025/texmf-dist/tex/latex/amsmath/amsgen.sty
File: amsgen.sty 1999/11/30 v2.0 generic functions
\@emptytoks=\toks19
\ex@=\dimen150
))
(/usr/local/texlive/2025/texmf-dist/tex/latex/amsmath/amsbsy.sty
Package: amsbsy 1999/11/29 v1.2d Bold Symbols
\pmbraise@=\dimen151
)
(/usr/local/texlive/2025/texmf-dist/tex/latex/amsmath/amsopn.sty
Package: amsopn 2022/04/08 v2.04 operator names
)
\inf@bad=\count273
LaTeX Info: Redefining \frac on input line 233.
\uproot@=\count274
\leftroot@=\count275
LaTeX Info: Redefining \overline on input line 398.
LaTeX Info: Redefining \colon on input line 409.
\classnum@=\count276
\DOTSCASE@=\count277
LaTeX Info: Redefining \ldots on input line 495.
LaTeX Info: Redefining \dots on input line 498.
LaTeX Info: Redefining \cdots on input line 619.
\Mathstrutbox@=\box52
\strutbox@=\box53
LaTeX Info: Redefining \big on input line 721.
LaTeX Info: Redefining \Big on input line 722.
LaTeX Info: Redefining \bigg on input line 723.
LaTeX Info: Redefining \Bigg on input line 724.
\big@size=\dimen152
LaTeX Font Info:    Redeclaring font encoding OML on input line 742.
LaTeX Font Info:    Redeclaring font encoding OMS on input line 743.
\macc@depth=\count278
LaTeX Info: Redefining \bmod on input line 904.
LaTeX Info: Redefining \pmod on input line 909.
LaTeX Info: Redefining \smash on input line 939.
LaTeX Info: Redefining \relbar on input line 969.
LaTeX Info: Redefining \Relbar on input line 970.
\c@MaxMatrixCols=\count279
\dotsspace@=\muskip17
\c@parentequation=\count280
\dspbrk@lvl=\count281
\tag@help=\toks20
\row@=\count282
\column@=\count283
\maxfields@=\count284
\andhelp@=\toks21
\eqnshift@=\dimen153
\alignsep@=\dimen154
\tagshift@=\dimen155
\tagwidth@=\dimen156
\totwidth@=\dimen157
\lineht@=\dimen158
\@envbody=\toks22
\multlinegap=\skip52
\multlinetaggap=\skip53
\mathdisplay@stack=\toks23
LaTeX Info: Redefining \[ on input line 2953.
LaTeX Info: Redefining \] on input line 2954.
)
(/usr/local/texlive/2025/texmf-dist/tex/latex/amsfonts/amssymb.sty
Package: amssymb 2013/01/14 v3.01 AMS font symbols

(/usr/local/texlive/2025/texmf-dist/tex/latex/amsfonts/amsfonts.sty
Package: amsfonts 2013/01/14 v3.01 Basic AMSFonts support
\symAMSa=\mathgroup4
\symAMSb=\mathgroup5
LaTeX Font Info:    Redeclaring math symbol \hbar on input line 98.
LaTeX Font Info:    Overwriting math alphabet `\mathfrak' in version `bold'
(Font)                  U/euf/m/n --> U/euf/b/n on input line 106.
))
(/usr/local/texlive/2025/texmf-dist/tex/latex/graphics/graphicx.sty
Package: graphicx 2021/09/16 v1.2d Enhanced LaTeX Graphics (DPC,SPQR)

(/usr/local/texlive/2025/texmf-dist/tex/latex/graphics/graphics.sty
Package: graphics 2024/08/06 v1.4g Standard LaTeX Graphics (DPC,SPQR)

(/usr/local/texlive/2025/texmf-dist/tex/latex/graphics/trig.sty
Package: trig 2023/12/02 v1.11 sin cos tan (DPC)
)
(/usr/local/texlive/2025/texmf-dist/tex/latex/graphics-cfg/graphics.cfg
File: graphics.cfg 2016/06/04 v1.11 sample graphics configuration
)
Package graphics Info: Driver file: pdftex.def on input line 106.

(/usr/local/texlive/2025/texmf-dist/tex/latex/graphics-def/pdftex.def
File: pdftex.def 2024/04/13 v1.2c Graphics/color driver for pdftex
))
\Gin@req@height=\dimen159
\Gin@req@width=\dimen160
)
(/usr/local/texlive/2025/texmf-dist/tex/latex/booktabs/booktabs.sty
Package: booktabs 2020/01/12 v1.61803398 Publication quality tables
\heavyrulewidth=\dimen161
\lightrulewidth=\dimen162
\cmidrulewidth=\dimen163
\belowrulesep=\dimen164
\belowbottomsep=\dimen165
\aboverulesep=\dimen166
\abovetopsep=\dimen167
\cmidrulesep=\dimen168
\cmidrulekern=\dimen169
\defaultaddspace=\dimen170
\@cmidla=\count285
\@cmidlb=\count286
\@aboverulesep=\dimen171
\@belowrulesep=\dimen172
\@thisruleclass=\count287
\@lastruleclass=\count288
\@thisrulewidth=\dimen173
)
(/usr/local/texlive/2025/texmf-dist/tex/latex/float/float.sty
Package: float 2001/11/08 v1.3d Float enhancements (AL)
\c@float@type=\count289
\float@exts=\toks24
\float@box=\box54
\@float@everytoks=\toks25
\@floatcapt=\box55
)
(/usr/local/texlive/2025/texmf-dist/tex/latex/url/url.sty
\Urlmuskip=\muskip18
Package: url 2013/09/16  ver 3.4  Verb mode for urls, etc.
)
(/usr/local/texlive/2025/texmf-dist/tex/latex/caption/caption.sty
Package: caption 2023/08/05 v3.6o Customizing captions (AR)

(/usr/local/texlive/2025/texmf-dist/tex/latex/caption/caption3.sty
Package: caption3 2023/07/31 v2.4d caption3 kernel (AR)
\caption@tempdima=\dimen174
\captionmargin=\dimen175
\caption@leftmargin=\dimen176
\caption@rightmargin=\dimen177
\caption@width=\dimen178
\caption@indent=\dimen179
\caption@parindent=\dimen180
\caption@hangindent=\dimen181
Package caption Info: Standard document class detected.
)
\c@caption@flags=\count290
\c@continuedfloat=\count291
Package caption Info: float package is loaded.
)
(/usr/local/texlive/2025/texmf-dist/tex/latex/xcolor/xcolor.sty
Package: xcolor 2024/09/29 v3.02 LaTeX color extensions (UK)

(/usr/local/texlive/2025/texmf-dist/tex/latex/graphics-cfg/color.cfg
File: color.cfg 2016/01/02 v1.6 sample color configuration
)
Package xcolor Info: Driver file: pdftex.def on input line 274.

(/usr/local/texlive/2025/texmf-dist/tex/latex/graphics/mathcolor.ltx)
Package xcolor Info: Model `cmy' substituted by `cmy0' on input line 1349.
Package xcolor Info: Model `hsb' substituted by `rgb' on input line 1353.
Package xcolor Info: Model `RGB' extended on input line 1365.
Package xcolor Info: Model `HTML' substituted by `rgb' on input line 1367.
Package xcolor Info: Model `Hsb' substituted by `hsb' on input line 1368.
Package xcolor Info: Model `tHsb' substituted by `hsb' on input line 1369.
Package xcolor Info: Model `HSB' substituted by `hsb' on input line 1370.
Package xcolor Info: Model `Gray' substituted by `gray' on input line 1371.
Package xcolor Info: Model `wave' substituted by `hsb' on input line 1372.
)
(/usr/local/texlive/2025/texmf-dist/tex/latex/l3backend/l3backend-pdftex.def
File: l3backend-pdftex.def 2024-05-08 L3 backend support: PDF output (pdfTeX)
\l__color_backend_stack_int=\count292
\l__pdf_internal_box=\box56
)
(./sse_supporting_information.aux)
\openout1 = `sse_supporting_information.aux'.

LaTeX Font Info:    Checking defaults for OML/cmm/m/it on input line 15.
LaTeX Font Info:    ... okay on input line 15.
LaTeX Font Info:    Checking defaults for OMS/cmsy/m/n on input line 15.
LaTeX Font Info:    ... okay on input line 15.
LaTeX Font Info:    Checking defaults for OT1/cmr/m/n on input line 15.
LaTeX Font Info:    ... okay on input line 15.
LaTeX Font Info:    Checking defaults for T1/cmr/m/n on input line 15.
LaTeX Font Info:    ... okay on input line 15.
LaTeX Font Info:    Checking defaults for TS1/cmr/m/n on input line 15.
LaTeX Font Info:    ... okay on input line 15.
LaTeX Font Info:    Checking defaults for OMX/cmex/m/n on input line 15.
LaTeX Font Info:    ... okay on input line 15.
LaTeX Font Info:    Checking defaults for U/cmr/m/n on input line 15.
LaTeX Font Info:    ... okay on input line 15.

*geometry* driver: auto-detecting
*geometry* detected driver: pdftex
*geometry* verbose mode - [ preamble ] result:
* driver: pdftex
* paper: letterpaper
* layout: <same size as paper>
* layoutoffset:(h,v)=(0.0pt,0.0pt)
* modes: 
* h-part:(L,W,R)=(72.26999pt, 469.75502pt, 72.26999pt)
* v-part:(T,H,B)=(72.26999pt, 650.43001pt, 72.26999pt)
* \paperwidth=614.295pt
* \paperheight=794.96999pt
* \textwidth=469.75502pt
* \textheight=650.43001pt
* \oddsidemargin=0.0pt
* \evensidemargin=0.0pt
* \topmargin=-37.0pt
* \headheight=12.0pt
* \headsep=25.0pt
* \topskip=10.0pt
* \footskip=30.0pt
* \marginparwidth=65.0pt
* \marginparsep=11.0pt
* \columnsep=10.0pt
* \skip\footins=9.0pt plus 4.0pt minus 2.0pt
* \hoffset=0.0pt
* \voffset=0.0pt
* \mag=1000
* \@twocolumnfalse
* \@twosidefalse
* \@mparswitchfalse
* \@reversemarginfalse
* (1in=72.27pt=25.4mm, 1cm=28.453pt)

(/usr/local/texlive/2025/texmf-dist/tex/context/base/mkii/supp-pdf.mkii
[Loading MPS to PDF converter (version 2006.09.02).]
\scratchcounter=\count293
\scratchdimen=\dimen182
\scratchbox=\box57
\nofMPsegments=\count294
\nofMParguments=\count295
\everyMPshowfont=\toks26
\MPscratchCnt=\count296
\MPscratchDim=\dimen183
\MPnumerator=\count297
\makeMPintoPDFobject=\count298
\everyMPtoPDFconversion=\toks27
) (/usr/local/texlive/2025/texmf-dist/tex/latex/epstopdf-pkg/epstopdf-base.sty
Package: epstopdf-base 2020-01-24 v2.11 Base part for package epstopdf
Package epstopdf-base Info: Redefining graphics rule for `.eps' on input line 4
85.

(/usr/local/texlive/2025/texmf-dist/tex/latex/latexconfig/epstopdf-sys.cfg
File: epstopdf-sys.cfg 2010/07/13 v1.3 Configuration of (r)epstopdf for TeX Liv
e
))
Package caption Info: Begin \AtBeginDocument code.
Package caption Info: End \AtBeginDocument code.
LaTeX Font Info:    Trying to load font information for U+msa on input line 16.


(/usr/local/texlive/2025/texmf-dist/tex/latex/amsfonts/umsa.fd
File: umsa.fd 2013/01/14 v3.01 AMS symbols A
)
LaTeX Font Info:    Trying to load font information for U+msb on input line 16.


(/usr/local/texlive/2025/texmf-dist/tex/latex/amsfonts/umsb.fd
File: umsb.fd 2013/01/14 v3.01 AMS symbols B
)
<figures/fig01_cluster_size_distribution.pdf, id=1, 617.69547pt x 359.6607pt>
File: figures/fig01_cluster_size_distribution.pdf Graphic file (type pdf)
<use figures/fig01_cluster_size_distribution.pdf>
Package pdftex.def Info: figures/fig01_cluster_size_distribution.pdf  used on i
nput line 20.
(pdftex.def)             Requested size: 469.75502pt x 273.52058pt.
<figures/fig04_candidate_rate_over_time.pdf, id=2, 518.65724pt x 316.29321pt>
File: figures/fig04_candidate_rate_over_time.pdf Graphic file (type pdf)
<use figures/fig04_candidate_rate_over_time.pdf>
Package pdftex.def Info: figures/fig04_candidate_rate_over_time.pdf  used on in
put line 25.
(pdftex.def)             Requested size: 469.75502pt x 286.48557pt.


[1

{/usr/local/texlive/2025/texmf-var/fonts/map/pdftex/updmap/pdftex.map} <./figur
es/fig01_cluster_size_distribution.pdf>]
<figures/fig06_composite_score_distributions.pdf, id=28, 518.65724pt x 331.1971
pt>
File: figures/fig06_composite_score_distributions.pdf Graphic file (type pdf)
<use figures/fig06_composite_score_distributions.pdf>
Package pdftex.def Info: figures/fig06_composite_score_distributions.pdf  used 
on input line 30.
(pdftex.def)             Requested size: 469.75502pt x 299.9849pt.


[2 <./figures/fig04_candidate_rate_over_time.pdf>]
<figures/fig09_age_sex_simd_mixing_forest.pdf, id=48, 518.65724pt x 417.47316pt
>
File: figures/fig09_age_sex_simd_mixing_forest.pdf Graphic file (type pdf)
<use figures/fig09_age_sex_simd_mixing_forest.pdf>
Package pdftex.def Info: figures/fig09_age_sex_simd_mixing_forest.pdf  used on 
input line 35.
(pdftex.def)             Requested size: 469.75502pt x 378.13028pt.


[3 <./figures/fig06_composite_score_distributions.pdf>]
<figures/fig19_policy_context.pdf, id=67, 518.6567pt x 453.6088pt>
File: figures/fig19_policy_context.pdf Graphic file (type pdf)
<use figures/fig19_policy_context.pdf>
Package pdftex.def Info: figures/fig19_policy_context.pdf  used on input line 4
0.
(pdftex.def)             Requested size: 469.75502pt x 410.86046pt.


[4 <./figures/fig09_age_sex_simd_mixing_forest.pdf>]
<figures/fig20_vaccination_context.pdf, id=86, 518.66478pt x 454.14024pt>
File: figures/fig20_vaccination_context.pdf Graphic file (type pdf)
<use figures/fig20_vaccination_context.pdf>
Package pdftex.def Info: figures/fig20_vaccination_context.pdf  used on input l
ine 45.
(pdftex.def)             Requested size: 469.75502pt x 411.31412pt.


[5 <./figures/fig19_policy_context.pdf>]
<figures/fig07a_sex_mixing_breakdown.pdf, id=105, 518.65724pt x 272.93478pt>
File: figures/fig07a_sex_mixing_breakdown.pdf Graphic file (type pdf)
<use figures/fig07a_sex_mixing_breakdown.pdf>
Package pdftex.def Info: figures/fig07a_sex_mixing_breakdown.pdf  used on input
 line 50.
(pdftex.def)             Requested size: 469.75502pt x 247.21326pt.


[6 <./figures/fig20_vaccination_context.pdf>]
<figures/fig07b_age_mixing_breakdown.pdf, id=124, 518.65724pt x 272.93369pt>
File: figures/fig07b_age_mixing_breakdown.pdf Graphic file (type pdf)
<use figures/fig07b_age_mixing_breakdown.pdf>
Package pdftex.def Info: figures/fig07b_age_mixing_breakdown.pdf  used on input
 line 55.
(pdftex.def)             Requested size: 469.75502pt x 247.21227pt.
<figures/fig07c_simd_mixing_breakdown.pdf, id=125, 518.65724pt x 272.93478pt>
File: figures/fig07c_simd_mixing_breakdown.pdf Graphic file (type pdf)
<use figures/fig07c_simd_mixing_breakdown.pdf>
Package pdftex.def Info: figures/fig07c_simd_mixing_breakdown.pdf  used on inpu
t line 60.
(pdftex.def)             Requested size: 469.75502pt x 247.21326pt.


[7 <./figures/fig07a_sex_mixing_breakdown.pdf> <./figures/fig07b_age_mixing_bre
akdown.pdf>]
<figures/fig07d_urban_rural_mixing_breakdown.pdf, id=160, 518.65724pt x 272.934
78pt>
File: figures/fig07d_urban_rural_mixing_breakdown.pdf Graphic file (type pdf)
<use figures/fig07d_urban_rural_mixing_breakdown.pdf>
Package pdftex.def Info: figures/fig07d_urban_rural_mixing_breakdown.pdf  used 
on input line 65.
(pdftex.def)             Requested size: 469.75502pt x 247.21326pt.
<figures/fig07e_health_board_mixing_breakdown.pdf, id=161, 518.65688pt x 272.93
369pt>
File: figures/fig07e_health_board_mixing_breakdown.pdf Graphic file (type pdf)
<use figures/fig07e_health_board_mixing_breakdown.pdf>
Package pdftex.def Info: figures/fig07e_health_board_mixing_breakdown.pdf  used
 on input line 70.
(pdftex.def)             Requested size: 469.75502pt x 247.21227pt.


[8 <./figures/fig07c_simd_mixing_breakdown.pdf> <./figures/fig07d_urban_rural_m
ixing_breakdown.pdf>]
<figures/fig12_clade_composition_wald_heatmap.pdf, id=196, 518.49084pt x 287.39
441pt>
File: figures/fig12_clade_composition_wald_heatmap.pdf Graphic file (type pdf)
<use figures/fig12_clade_composition_wald_heatmap.pdf>
Package pdftex.def Info: figures/fig12_clade_composition_wald_heatmap.pdf  used
 on input line 75.
(pdftex.def)             Requested size: 469.75502pt x 260.38914pt.
<figures/fig13_clade_mixing_wald_heatmap.pdf, id=197, 518.49673pt x 287.39441pt
>
File: figures/fig13_clade_mixing_wald_heatmap.pdf Graphic file (type pdf)
<use figures/fig13_clade_mixing_wald_heatmap.pdf>
Package pdftex.def Info: figures/fig13_clade_mixing_wald_heatmap.pdf  used on i
nput line 80.
(pdftex.def)             Requested size: 469.75502pt x 260.38914pt.


[9 <./figures/fig07e_health_board_mixing_breakdown.pdf> <./figures/fig12_clade_
composition_wald_heatmap.pdf>]
<figures/fig14_clade_age_band_or_heatmap.pdf, id=241, 518.48877pt x 567.79878pt
>
File: figures/fig14_clade_age_band_or_heatmap.pdf Graphic file (type pdf)
<use figures/fig14_clade_age_band_or_heatmap.pdf>
Package pdftex.def Info: figures/fig14_clade_age_band_or_heatmap.pdf  used on i
nput line 85.
(pdftex.def)             Requested size: 469.75502pt x 514.44508pt.


[10 <./figures/fig13_clade_mixing_wald_heatmap.pdf>]
<figures/fig15_clade_sex_or_heatmap.pdf, id=271, 518.48485pt x 301.84822pt>
File: figures/fig15_clade_sex_or_heatmap.pdf Graphic file (type pdf)
<use figures/fig15_clade_sex_or_heatmap.pdf>
Package pdftex.def Info: figures/fig15_clade_sex_or_heatmap.pdf  used on input 
line 90.
(pdftex.def)             Requested size: 469.75502pt x 273.48479pt.


[11 <./figures/fig14_clade_age_band_or_heatmap.pdf>]
<figures/fig16_clade_simd_or_heatmap.pdf, id=300, 518.48007pt x 345.20975pt>
File: figures/fig16_clade_simd_or_heatmap.pdf Graphic file (type pdf)
<use figures/fig16_clade_simd_or_heatmap.pdf>
Package pdftex.def Info: figures/fig16_clade_simd_or_heatmap.pdf  used on input
 line 95.
(pdftex.def)             Requested size: 469.75502pt x 312.7718pt.


[12 <./figures/fig15_clade_sex_or_heatmap.pdf>]
<figures/fig17_clade_urban_rural_or_heatmap.pdf, id=329, 518.50598pt x 365.4451
pt>
File: figures/fig17_clade_urban_rural_or_heatmap.pdf Graphic file (type pdf)
<use figures/fig17_clade_urban_rural_or_heatmap.pdf>
Package pdftex.def Info: figures/fig17_clade_urban_rural_or_heatmap.pdf  used o
n input line 100.
(pdftex.def)             Requested size: 469.75502pt x 331.08342pt.


[13 <./figures/fig16_clade_simd_or_heatmap.pdf>]
<figures/fig18_clade_health_board_or_heatmap.pdf, id=359, 518.51976pt x 527.328
06pt>
File: figures/fig18_clade_health_board_or_heatmap.pdf Graphic file (type pdf)
<use figures/fig18_clade_health_board_or_heatmap.pdf>
Package pdftex.def Info: figures/fig18_clade_health_board_or_heatmap.pdf  used 
on input line 105.
(pdftex.def)             Requested size: 469.75502pt x 477.74504pt.


[14 <./figures/fig17_clade_urban_rural_or_heatmap.pdf>]

[15 <./figures/fig18_clade_health_board_or_heatmap.pdf>]
Overfull \hbox (10.47787pt too wide) in paragraph at lines 112--113
 \OT1/cmr/bx/n/10 S1 Ta-ble. Com-po-si-tion Wald tests. \OT1/cmr/m/n/10 Om-nibu
s Wald tests for sequence-composition pre-dic-tors of candidate-
 []

LaTeX Font Info:    Trying to load font information for OML+cmr on input line 1
39.
(/usr/local/texlive/2025/texmf-dist/tex/latex/base/omlcmr.fd
File: omlcmr.fd 2024/11/19 v2.5n Standard LaTeX font definitions
)
LaTeX Font Info:    Font shape `OML/cmr/m/n' in size <10> not available
(Font)              Font shape `OML/cmm/m/it' tried instead on input line 139.


[16

]
Overfull \hbox (8.00629pt too wide) in paragraph at lines 246--247
[]\OT1/cmr/bx/n/10 S8 Ta-ble. Clade-stratified node-mixing Wald sum-mary. $\OT1
/cmtt/m/n/10 table09 _ clade _ mixing _ wald _ summary .
 []


Overfull \hbox (7.29234pt too wide) in paragraph at lines 250--251
[]\OT1/cmr/bx/n/10 S12 Ta-ble. Clade-stratified ur-ban/rural odds ra-tios. $\OT
1/cmtt/m/n/10 table13 _ clade _ urban _ rural _ or _ summary .
 []



[17{/usr/local/texlive/2025/texmf-dist/fonts/enc/dvips/cm-super/cm-super-ts1.en
c}] (./sse_supporting_information.aux)
 ***********
LaTeX2e <2024-11-01> patch level 2
L3 programming layer <2025-01-18>
 ***********
 ) 
Here is how much of TeX's memory you used:
 5318 strings out of 473190
 88541 string characters out of 5715800
 516424 words of memory out of 5000000
 28527 multiletter control sequences out of 15000+600000
 566896 words of font info for 68 fonts, out of 8000000 for 9000
 1141 hyphenation exceptions out of 8191
 57i,7n,65p,472b,338s stack positions out of 10000i,1000n,20000p,200000b,200000s
</usr/local/texlive/2025/texmf-dist/fonts/type1/public/amsfonts/cm/cmbx10.pfb
></usr/local/texlive/2025/texmf-dist/fonts/type1/public/amsfonts/cm/cmbx12.pfb>
</usr/local/texlive/2025/texmf-dist/fonts/type1/public/amsfonts/cm/cmmi10.pfb><
/usr/local/texlive/2025/texmf-dist/fonts/type1/public/amsfonts/cm/cmr10.pfb></u
sr/local/texlive/2025/texmf-dist/fonts/type1/public/amsfonts/cm/cmr12.pfb></usr
/local/texlive/2025/texmf-dist/fonts/type1/public/amsfonts/cm/cmr17.pfb></usr/l
ocal/texlive/2025/texmf-dist/fonts/type1/public/amsfonts/cm/cmr7.pfb></usr/loca
l/texlive/2025/texmf-dist/fonts/type1/public/amsfonts/cm/cmtt10.pfb></usr/local
/texlive/2025/texmf-dist/fonts/type1/public/cm-super/sfrm1000.pfb>
Output written on sse_supporting_information.pdf (17 pages, 1376983 bytes).
PDF statistics:
 467 PDF objects out of 1000 (max. 8388607)
 264 compressed objects within 3 object streams
 0 named destinations out of 1000 (max. 500000)
 91 words of extra memory for PDF output out of 10000 (max. 10000000)

