╰─$ /usr/bin/env bash "/Users/ydnkka/Desktop/PhD Project/projects/scotland/chapter1/run_chapter1.sh"
=======================================================
  Chapter 1 primary analyses
  Thu May 14 16:37:59 BST 2026
=======================================================

--- Main analyses ---
[chapter1] loading sequence rows (qc=good, resolution=0.3)
[chapter1] building cluster table from 789,347 rows
[chapter1] fitting main-effects model
[chapter1] fitting size-adjusted geographic-spread model
[chapter1] fitting wave-interaction model
[chapter1] fitting size-spline sensitivity
[chapter1] fitting SIMD-decile sensitivity
[chapter1] fitting finite-sample mixing sensitivity
[chapter1] fitting joint-profile adjusted sensitivity
[chapter1] building null-residual mixing
[chapter1] fitting null-residual sensitivity
[chapter1] fitting joint-profile predictor: demographic_profile
[chapter1] fitting joint-profile predictor: socio_demographic_profile
[chapter1] writing diagnostic plots
[chapter1] tables written under /Users/ydnkka/Desktop/PhD Project/projects/scotland/chapter1/tables
[chapter1] figures written under /Users/ydnkka/Desktop/PhD Project/projects/scotland/chapter1/figures

--- SIMD domain analyses ---
[chapter1.domain] loading sequence rows (with domain ranks)
[chapter1.domain] building cluster table from 789,347 rows
[chapter1.domain] fitting domain-stratified main effects
[chapter1.domain] Building primary-resolution observed-vs-expected mixing matrices
[chapter1.domain] tables written under /Users/ydnkka/Desktop/PhD Project/projects/scotland/chapter1/tables
[chapter1.domain] figures written under /Users/ydnkka/Desktop/PhD Project/projects/scotland/chapter1/figures

--- Wave analyses ---
[chapter1.wave] loading sequence rows
[chapter1.wave] building cluster table from 789,347 rows
[chapter1.wave] fitting wave-stratified main effects
[chapter1.wave] tables written under /Users/ydnkka/Desktop/PhD Project/projects/scotland/chapter1/tables
[chapter1.wave] figures written under /Users/ydnkka/Desktop/PhD Project/projects/scotland/chapter1/figures

=======================================================
  Chapter 1 sensitivity analyses
=======================================================

--- cluster-by health_board ---
[chapter1] loading sequence rows (qc=good, resolution=0.3)
[chapter1] building cluster table from 789,347 rows
[chapter1] fitting main-effects model
[chapter1] fitting size-adjusted geographic-spread model
[chapter1] fitting wave-interaction model
[chapter1] fitting size-spline sensitivity
[chapter1] fitting SIMD-decile sensitivity
[chapter1] fitting finite-sample mixing sensitivity
[chapter1] fitting joint-profile adjusted sensitivity
[chapter1] building null-residual mixing
[chapter1] fitting null-residual sensitivity
[chapter1] fitting joint-profile predictor: demographic_profile
[chapter1] fitting joint-profile predictor: socio_demographic_profile
[chapter1] writing diagnostic plots
[chapter1] tables written under /Users/ydnkka/Desktop/PhD Project/projects/scotland/chapter1/sensitivity/tables_health_board
[chapter1] figures written under /Users/ydnkka/Desktop/PhD Project/projects/scotland/chapter1/sensitivity/figures_health_board


--- window-stride 3 ---
[chapter1] loading sequence rows (qc=good, resolution=0.3)
[chapter1] building cluster table from 789,347 rows
[chapter1] non-overlapping window filter (stride=3): 193,112 -> 63,991 clusters
[chapter1] fitting main-effects model
[chapter1] fitting size-adjusted geographic-spread model
[chapter1] fitting wave-interaction model
[chapter1] fitting size-spline sensitivity
[chapter1] fitting SIMD-decile sensitivity
[chapter1] fitting finite-sample mixing sensitivity
[chapter1] fitting joint-profile adjusted sensitivity
[chapter1] building null-residual mixing
[chapter1] fitting null-residual sensitivity
[chapter1] fitting joint-profile predictor: demographic_profile
[chapter1] fitting joint-profile predictor: socio_demographic_profile
[chapter1] writing diagnostic plots
[chapter1] tables written under /Users/ydnkka/Desktop/PhD Project/projects/scotland/chapter1/sensitivity/tables_stride3
[chapter1] figures written under /Users/ydnkka/Desktop/PhD Project/projects/scotland/chapter1/sensitivity/figures_stride3


--- winsorise-quantile 0.99 ---
[chapter1] loading sequence rows (qc=good, resolution=0.3)
[chapter1] building cluster table from 789,347 rows
[chapter1] fitting main-effects model
[chapter1] fitting size-adjusted geographic-spread model
[chapter1] fitting wave-interaction model
[chapter1] fitting size-spline sensitivity
[chapter1] fitting SIMD-decile sensitivity
[chapter1] fitting finite-sample mixing sensitivity
[chapter1] fitting joint-profile adjusted sensitivity
[chapter1] building null-residual mixing
[chapter1] fitting null-residual sensitivity
[chapter1] fitting joint-profile predictor: demographic_profile
[chapter1] fitting joint-profile predictor: socio_demographic_profile
[chapter1] writing diagnostic plots
[chapter1] tables written under /Users/ydnkka/Desktop/PhD Project/projects/scotland/chapter1/sensitivity/tables_winsorise99
[chapter1] figures written under /Users/ydnkka/Desktop/PhD Project/projects/scotland/chapter1/sensitivity/figures_winsorise99


--- exclude-tail-quantile 0.995 ---
[chapter1] loading sequence rows (qc=good, resolution=0.3)
[chapter1] building cluster table from 789,347 rows
[chapter1] fitting main-effects model
[chapter1] fitting size-adjusted geographic-spread model
[chapter1] fitting wave-interaction model
[chapter1] fitting size-spline sensitivity
[chapter1] fitting SIMD-decile sensitivity
[chapter1] fitting finite-sample mixing sensitivity
[chapter1] fitting joint-profile adjusted sensitivity
[chapter1] building null-residual mixing
[chapter1] fitting null-residual sensitivity
[chapter1] fitting joint-profile predictor: demographic_profile
[chapter1] fitting joint-profile predictor: socio_demographic_profile
[chapter1] writing diagnostic plots
[chapter1] tables written under /Users/ydnkka/Desktop/PhD Project/projects/scotland/chapter1/sensitivity/tables_exclude_tail995
[chapter1] figures written under /Users/ydnkka/Desktop/PhD Project/projects/scotland/chapter1/sensitivity/figures_exclude_tail995


=======================================================
  All complete: Thu May 14 17:14:53 BST 2026
=======================================================

Results are in:
  tables/
  sensitivity/tables_health_board/
  sensitivity/tables_stride3/
  sensitivity/tables_winsorise99/
  sensitivity/tables_exclude_tail995/
